SQL> 
SQL> --student id:33520054
SQL> --student name: Ang Qiao Xin
SQL> DROP TABLE ADDRESS CASCADE CONSTRAINTS 
  2  ;

Table ADDRESS dropped.

SQL> 
SQL> DROP TABLE CABIN CASCADE CONSTRAINTS 
  2  ;

Table CABIN dropped.

SQL> 
SQL> DROP TABLE COUNTRY CASCADE CONSTRAINTS 
  2  ;

Table COUNTRY dropped.

SQL> 
SQL> DROP TABLE CRUISE CASCADE CONSTRAINTS 
  2  ;

Table CRUISE dropped.

SQL> 
SQL> DROP TABLE GENDER CASCADE CONSTRAINTS 
  2  ;

Table GENDER dropped.

SQL> 
SQL> DROP TABLE ITINERARY CASCADE CONSTRAINTS 
  2  ;

Table ITINERARY dropped.

SQL> 
SQL> DROP TABLE MANIFEST CASCADE CONSTRAINTS 
  2  ;

Table MANIFEST dropped.

SQL> 
SQL> DROP TABLE OPERATOR CASCADE CONSTRAINTS 
  2  ;

Table OPERATOR dropped.

SQL> 
SQL> DROP TABLE PASSENGER CASCADE CONSTRAINTS 
  2  ;

Table PASSENGER dropped.

SQL> 
SQL> DROP TABLE PORT CASCADE CONSTRAINTS 
  2  ;

Table PORT dropped.

SQL> 
SQL> DROP TABLE SHIP CASCADE CONSTRAINTS 
  2  ;

Table SHIP dropped.

SQL> 
SQL> -- predefined type, no DDL - MDSYS.SDO_GEOMETRY
SQL> 
SQL> -- predefined type, no DDL - XMLTYPE
SQL> 
SQL> CREATE TABLE ADDRESS 
  2      ( 
  3       add_id        NUMBER (7)  NOT NULL , 
  4       add_street_no VARCHAR2 (50)  NOT NULL , 
  5       add_town      VARCHAR2 (100)  NOT NULL , 
  6       add_postcode  VARCHAR2 (10)  NOT NULL , 
  7       add_country   VARCHAR2 (50)  NOT NULL 
  8      ) 
  9  ;

Table ADDRESS created.

SQL> 
SQL> COMMENT ON COLUMN ADDRESS.add_id IS 'Address identifier (surrogate key)' 
  2  ;

Comment created.

SQL> 
SQL> COMMENT ON COLUMN ADDRESS.add_street_no IS 'Street number of address' 
  2  ;

Comment created.

SQL> 
SQL> COMMENT ON COLUMN ADDRESS.add_town IS 'Town of address' 
  2  ;

Comment created.

SQL> 
SQL> COMMENT ON COLUMN ADDRESS.add_postcode IS 'Postcode of address' 
  2  ;

Comment created.

SQL> 
SQL> COMMENT ON COLUMN ADDRESS.add_country IS 'Country of address' 
  2  ;

Comment created.

SQL> 
SQL> ALTER TABLE ADDRESS 
  2      ADD CONSTRAINT ADDRESS_PK PRIMARY KEY ( add_id ) ;

Table ADDRESS altered.

SQL> 
SQL> ALTER TABLE ADDRESS 
  2      ADD CONSTRAINT ADDRESS_UQ UNIQUE ( add_street_no , add_town , add_postcode , add_country ) ;

Table ADDRESS altered.

SQL> 
SQL> CREATE TABLE CABIN 
  2      ( 
  3       cabin_no             VARCHAR2 (7)  NOT NULL , 
  4       ship_code            NUMBER (7)  NOT NULL , 
  5       cabin_sleep_capacity NUMBER (3)  NOT NULL , 
  6       cabin_class          CHAR (1)  NOT NULL 
  7      ) 
  8  ;

Table CABIN created.

SQL> 
SQL> ALTER TABLE CABIN 
  2      ADD CONSTRAINT chk_cabinclass 
  3      CHECK (cabin_class IN ('B', 'I', 'O', 'S')) 
  4  ;

Table CABIN altered.

SQL> 
SQL> COMMENT ON COLUMN CABIN.cabin_no IS 'Cabin unique number identifier' 
  2  ;

Comment created.

SQL> 
SQL> COMMENT ON COLUMN CABIN.ship_code IS 'Ship identifier' 
  2  ;

Comment created.

SQL> 
SQL> COMMENT ON COLUMN CABIN.cabin_sleep_capacity IS 'Cabin''s sleeping capacity' 
  2  ;

Comment created.

SQL> 
SQL> COMMENT ON COLUMN CABIN.cabin_class IS 'Cabin''s class (I -Interior, O- Ocean view , B-Balcony, S- Suite)' 
  2  ;

Comment created.

SQL> 
SQL> ALTER TABLE CABIN 
  2      ADD CONSTRAINT CABIN_PK PRIMARY KEY ( cabin_no, ship_code ) ;

Table CABIN altered.

SQL> 
SQL> CREATE TABLE COUNTRY 
  2      ( 
  3       country_code CHAR (3)  NOT NULL , 
  4       country_name VARCHAR2 (50)  NOT NULL 
  5      ) 
  6  ;

Table COUNTRY created.

SQL> 
SQL> COMMENT ON COLUMN COUNTRY.country_code IS 'Country code act as identifier' 
  2  ;

Comment created.

SQL> 
SQL> COMMENT ON COLUMN COUNTRY.country_name IS 'Name of the country' 
  2  ;

Comment created.

SQL> 
SQL> ALTER TABLE COUNTRY 
  2      ADD CONSTRAINT COUNTRY_PK PRIMARY KEY ( country_code ) ;

Table COUNTRY altered.

SQL> 
SQL> CREATE TABLE CRUISE 
  2      ( 
  3       cruise_id              NUMBER (4)  NOT NULL , 
  4       cruise_name            VARCHAR2 (50)  NOT NULL , 
  5       cruise_desc            VARCHAR2 (100)  NOT NULL , 
  6       cruise_depart_datetime DATE  NOT NULL , 
  7       cruise_cost            NUMBER (10,2)  NOT NULL , 
  8       ship_code              NUMBER (7)  NOT NULL 
  9      ) 
 10  ;

Table CRUISE created.

SQL> 
SQL> COMMENT ON COLUMN CRUISE.cruise_id IS 'Cruise identifier' 
  2  ;

Comment created.

SQL> 
SQL> COMMENT ON COLUMN CRUISE.cruise_name IS 'Name of cruise' 
  2  ;

Comment created.

SQL> 
SQL> COMMENT ON COLUMN CRUISE.cruise_desc IS 'Brief cruise description' 
  2  ;

Comment created.

SQL> 
SQL> COMMENT ON COLUMN CRUISE.cruise_depart_datetime IS 'The depart date and time of cruise' 
  2  ;

Comment created.

SQL> 
SQL> COMMENT ON COLUMN CRUISE.cruise_cost IS 'Cost of cruise' 
  2  ;

Comment created.

SQL> 
SQL> COMMENT ON COLUMN CRUISE.ship_code IS 'Ship identifier' 
  2  ;

Comment created.

SQL> 
SQL> ALTER TABLE CRUISE 
  2      ADD CONSTRAINT CRUISE_PK PRIMARY KEY ( cruise_id ) ;

Table CRUISE altered.

SQL> 
SQL> CREATE TABLE GENDER 
  2      ( 
  3       gender_id   NUMBER (3)  NOT NULL , 
  4       gender_desc VARCHAR2 (20)  NOT NULL 
  5      ) 
  6  ;

Table GENDER created.

SQL> 
SQL> COMMENT ON COLUMN GENDER.gender_id IS 'Gender identifier' 
  2  ;

Comment created.

SQL> 
SQL> COMMENT ON COLUMN GENDER.gender_desc IS 'Gender id''s description ' 
  2  ;

Comment created.

SQL> 
SQL> ALTER TABLE GENDER 
  2      ADD CONSTRAINT GENDER_PK PRIMARY KEY ( gender_id ) ;

Table GENDER altered.

SQL> 
SQL> CREATE TABLE ITINERARY 
  2      ( 
  3       iti_depart_datetime DATE  NOT NULL , 
  4       cruise_id           NUMBER (4)  NOT NULL , 
  5       iti_depart_type     CHAR (1)  NOT NULL , 
  6       port_code           CHAR (5)  NOT NULL 
  7      ) 
  8  ;

Table ITINERARY created.

SQL> 
SQL> ALTER TABLE ITINERARY 
  2      ADD CONSTRAINT chk_itinerarydepart_type 
  3      CHECK (iti_depart_type IN ('A', 'D')) 
  4  ;

Table ITINERARY altered.

SQL> 
SQL> COMMENT ON COLUMN ITINERARY.iti_depart_datetime IS 'Date time of depart or arrival' 
  2  ;

Comment created.

SQL> 
SQL> COMMENT ON COLUMN ITINERARY.cruise_id IS 'Cruise identifier' 
  2  ;

Comment created.

SQL> 
SQL> COMMENT ON COLUMN ITINERARY.iti_depart_type IS 'Itinerary depart or arrive (A- Arrive, D-Depart)' 
  2  ;

Comment created.

SQL> 
SQL> COMMENT ON COLUMN ITINERARY.port_code IS 'Port code identifier' 
  2  ;

Comment created.

SQL> 
SQL> ALTER TABLE ITINERARY 
  2      ADD CONSTRAINT ITINERARY_PK PRIMARY KEY ( cruise_id, iti_depart_datetime ) ;

Table ITINERARY altered.

SQL> 
SQL> CREATE TABLE MANIFEST 
  2      ( 
  3       cruise_id           NUMBER (4)  NOT NULL , 
  4       pass_id             NUMBER (7)  NOT NULL , 
  5       mani_board_datetime DATE , 
  6       cabin_no            VARCHAR2 (7)  NOT NULL , 
  7       ship_code           NUMBER (7)  NOT NULL 
  8      ) 
  9  ;

Table MANIFEST created.

SQL> 
SQL> COMMENT ON COLUMN MANIFEST.cruise_id IS 'Cruise identifier' 
  2  ;

Comment created.

SQL> 
SQL> COMMENT ON COLUMN MANIFEST.pass_id IS 'Passenger identifier
  2  Foreign key to another passenger acting as a guardian (only applicable for minors and named guardian_id)' 
  3  ;

Comment created.

SQL> 
SQL> COMMENT ON COLUMN MANIFEST.mani_board_datetime IS 'Date time when passenger first board the ship' 
  2  ;

Comment created.

SQL> 
SQL> COMMENT ON COLUMN MANIFEST.cabin_no IS 'Cabin unique number identifier' 
  2  ;

Comment created.

SQL> 
SQL> COMMENT ON COLUMN MANIFEST.ship_code IS 'Ship identifier' 
  2  ;

Comment created.

SQL> 
SQL> ALTER TABLE MANIFEST 
  2      ADD CONSTRAINT MANIFEST_PK PRIMARY KEY ( cruise_id, pass_id ) ;

Table MANIFEST altered.

SQL> 
SQL> CREATE TABLE OPERATOR 
  2      ( 
  3       oper_id        NUMBER (7)  NOT NULL , 
  4       oper_name      VARCHAR2 (50)  NOT NULL , 
  5       oper_ceo_fname VARCHAR2 (50)  NOT NULL , 
  6       oper_ceo_lname VARCHAR2 (50)  NOT NULL 
  7      ) 
  8  ;

Table OPERATOR created.

SQL> 
SQL> COMMENT ON COLUMN OPERATOR.oper_id IS 'Operator ID identifier' 
  2  ;

Comment created.

SQL> 
SQL> COMMENT ON COLUMN OPERATOR.oper_name IS 'Operator''s name' 
  2  ;

Comment created.

SQL> 
SQL> COMMENT ON COLUMN OPERATOR.oper_ceo_fname IS 'First name of ceo of operator' 
  2  ;

Comment created.

SQL> 
SQL> COMMENT ON COLUMN OPERATOR.oper_ceo_lname IS 'Last  name of ceo of operator' 
  2  ;

Comment created.

SQL> 
SQL> ALTER TABLE OPERATOR 
  2      ADD CONSTRAINT OPERATOR_PK PRIMARY KEY ( oper_id ) ;

Table OPERATOR altered.

SQL> 
SQL> CREATE TABLE PASSENGER 
  2      ( 
  3       pass_id     NUMBER (7)  NOT NULL , 
  4       pass_fname  VARCHAR2 (50)  NOT NULL , 
  5       pass_lname  VARCHAR2 (50)  NOT NULL , 
  6       pass_dob    DATE  NOT NULL , 
  7       pass_phone  VARCHAR2 (20) , 
  8       guardian_id NUMBER (7) , 
  9       add_id      NUMBER (7)  NOT NULL , 
 10       gender_id   NUMBER (3)  NOT NULL 
 11      ) 
 12  ;

Table PASSENGER created.

SQL> 
SQL> COMMENT ON COLUMN PASSENGER.pass_id IS 'Passenger identifier
  2  Foreign key to another passenger acting as a guardian (only applicable for minors and named guardian_id)' 
  3  ;

Comment created.

SQL> 
SQL> COMMENT ON COLUMN PASSENGER.pass_fname IS 'Passenger''s first name' 
  2  ;

Comment created.

SQL> 
SQL> COMMENT ON COLUMN PASSENGER.pass_lname IS 'Passenger''s last name' 
  2  ;

Comment created.

SQL> 
SQL> COMMENT ON COLUMN PASSENGER.pass_dob IS 'Passenger''s date of birth' 
  2  ;

Comment created.

SQL> 
SQL> COMMENT ON COLUMN PASSENGER.pass_phone IS 'Phone number of passenger' 
  2  ;

Comment created.

SQL> 
SQL> COMMENT ON COLUMN PASSENGER.guardian_id IS 'Passenger identifier
  2  Foreign key to another passenger acting as a guardian (only applicable for minors and named guardian_id)' 
  3  ;

Comment created.

SQL> 
SQL> COMMENT ON COLUMN PASSENGER.add_id IS 'Address identifier (surrogate key)' 
  2  ;

Comment created.

SQL> 
SQL> COMMENT ON COLUMN PASSENGER.gender_id IS 'Gender identifier' 
  2  ;

Comment created.

SQL> 
SQL> ALTER TABLE PASSENGER 
  2      ADD CONSTRAINT PASSENGER_PK PRIMARY KEY ( pass_id ) ;

Table PASSENGER altered.

SQL> 
SQL> CREATE TABLE PORT 
  2      ( 
  3       port_code      CHAR (5)  NOT NULL , 
  4       port_name      VARCHAR2 (100)  NOT NULL , 
  5       port_latitude  NUMBER (8,6)  NOT NULL , 
  6       port_longitude NUMBER (9,6)  NOT NULL , 
  7       country_code   CHAR (3)  NOT NULL 
  8      ) 
  9  ;

Table PORT created.

SQL> 
SQL> COMMENT ON COLUMN PORT.port_code IS 'Port code identifier' 
  2  ;

Comment created.

SQL> 
SQL> COMMENT ON COLUMN PORT.port_name IS 'Name of port' 
  2  ;

Comment created.

SQL> 
SQL> COMMENT ON COLUMN PORT.port_latitude IS 'Latitude of port' 
  2  ;

Comment created.

SQL> 
SQL> COMMENT ON COLUMN PORT.port_longitude IS 'Longitude of port' 
  2  ;

Comment created.

SQL> 
SQL> COMMENT ON COLUMN PORT.country_code IS 'Country code act as identifier' 
  2  ;

Comment created.

SQL> 
SQL> ALTER TABLE PORT 
  2      ADD CONSTRAINT PORT_PK PRIMARY KEY ( port_code ) ;

Table PORT altered.

SQL> 
SQL> CREATE TABLE SHIP 
  2      ( 
  3       ship_code               NUMBER (7)  NOT NULL , 
  4       ship_name               VARCHAR2 (50)  NOT NULL , 
  5       ship_date_commisioned   DATE  NOT NULL , 
  6       ship_tonnage            NUMBER (8,2)  NOT NULL , 
  7       ship_max_guest          NUMBER (7)  NOT NULL , 
  8       ship_registered_country VARCHAR2 (50)  NOT NULL , 
  9       oper_id                 NUMBER (7)  NOT NULL 
 10      ) 
 11  ;

Table SHIP created.

SQL> 
SQL> COMMENT ON COLUMN SHIP.ship_code IS 'Ship identifier' 
  2  ;

Comment created.

SQL> 
SQL> COMMENT ON COLUMN SHIP.ship_name IS 'Name of ship' 
  2  ;

Comment created.

SQL> 
SQL> COMMENT ON COLUMN SHIP.ship_date_commisioned IS 'Date the ship was commissioned' 
  2  ;

Comment created.

SQL> 
SQL> COMMENT ON COLUMN SHIP.ship_tonnage IS 'Ship''s tonnage' 
  2  ;

Comment created.

SQL> 
SQL> COMMENT ON COLUMN SHIP.ship_max_guest IS 'Maximum guest of the ship' 
  2  ;

Comment created.

SQL> 
SQL> COMMENT ON COLUMN SHIP.ship_registered_country IS 'Ship''s registered country' 
  2  ;

Comment created.

SQL> 
SQL> COMMENT ON COLUMN SHIP.oper_id IS 'Operator ID identifier' 
  2  ;

Comment created.

SQL> 
SQL> ALTER TABLE SHIP 
  2      ADD CONSTRAINT SHIP_PK PRIMARY KEY ( ship_code ) ;

Table SHIP altered.

SQL> 
SQL> ALTER TABLE PASSENGER 
  2      ADD CONSTRAINT add_pass_fk FOREIGN KEY 
  3      ( 
  4       add_id
  5      ) 
  6      REFERENCES ADDRESS 
  7      ( 
  8       add_id
  9      ) 
 10  ;

Table PASSENGER altered.

SQL> 
SQL> ALTER TABLE MANIFEST 
  2      ADD CONSTRAINT cabin_manifest_fk FOREIGN KEY 
  3      ( 
  4       cabin_no,
  5       ship_code
  6      ) 
  7      REFERENCES CABIN 
  8      ( 
  9       cabin_no,
 10       ship_code
 11      ) 
 12  ;

Table MANIFEST altered.

SQL> 
SQL> ALTER TABLE PORT 
  2      ADD CONSTRAINT country_port_fk FOREIGN KEY 
  3      ( 
  4       country_code
  5      ) 
  6      REFERENCES COUNTRY 
  7      ( 
  8       country_code
  9      ) 
 10  ;

Table PORT altered.

SQL> 
SQL> ALTER TABLE ITINERARY 
  2      ADD CONSTRAINT cruise_itinerary_fk FOREIGN KEY 
  3      ( 
  4       cruise_id
  5      ) 
  6      REFERENCES CRUISE 
  7      ( 
  8       cruise_id
  9      ) 
 10  ;

Table ITINERARY altered.

SQL> 
SQL> ALTER TABLE MANIFEST 
  2      ADD CONSTRAINT cruise_manifest_fk FOREIGN KEY 
  3      ( 
  4       cruise_id
  5      ) 
  6      REFERENCES CRUISE 
  7      ( 
  8       cruise_id
  9      ) 
 10  ;

Table MANIFEST altered.

SQL> 
SQL> ALTER TABLE PASSENGER 
  2      ADD CONSTRAINT gender_passenger_fk FOREIGN KEY 
  3      ( 
  4       gender_id
  5      ) 
  6      REFERENCES GENDER 
  7      ( 
  8       gender_id
  9      ) 
 10  ;

Table PASSENGER altered.

SQL> 
SQL> ALTER TABLE SHIP 
  2      ADD CONSTRAINT oper_ship_fk FOREIGN KEY 
  3      ( 
  4       oper_id
  5      ) 
  6      REFERENCES OPERATOR 
  7      ( 
  8       oper_id
  9      ) 
 10  ;

Table SHIP altered.

SQL> 
SQL> ALTER TABLE MANIFEST 
  2      ADD CONSTRAINT pass_manifest_fk FOREIGN KEY 
  3      ( 
  4       pass_id
  5      ) 
  6      REFERENCES PASSENGER 
  7      ( 
  8       pass_id
  9      ) 
 10  ;

Table MANIFEST altered.

SQL> 
SQL> ALTER TABLE PASSENGER 
  2      ADD CONSTRAINT pass_pass_fk FOREIGN KEY 
  3      ( 
  4       guardian_id
  5      ) 
  6      REFERENCES PASSENGER 
  7      ( 
  8       pass_id
  9      ) 
 10  ;

Table PASSENGER altered.

SQL> 
SQL> ALTER TABLE ITINERARY 
  2      ADD CONSTRAINT port_itinerary_fk FOREIGN KEY 
  3      ( 
  4       port_code
  5      ) 
  6      REFERENCES PORT 
  7      ( 
  8       port_code
  9      ) 
 10  ;

Table ITINERARY altered.

SQL> 
SQL> ALTER TABLE CABIN 
  2      ADD CONSTRAINT ship_cabin_fk FOREIGN KEY 
  3      ( 
  4       ship_code
  5      ) 
  6      REFERENCES SHIP 
  7      ( 
  8       ship_code
  9      ) 
 10  ;

Table CABIN altered.

SQL> 
SQL> ALTER TABLE CRUISE 
  2      ADD CONSTRAINT ship_cruise_fk FOREIGN KEY 
  3      ( 
  4       ship_code
  5      ) 
  6      REFERENCES SHIP 
  7      ( 
  8       ship_code
  9      ) 
 10  ;

Table CRUISE altered.

SQL> 
SQL> 
SQL> 
SQL> -- Oracle SQL Developer Data Modeler Summary Report: 
SQL> -- 
SQL> -- CREATE TABLE                            11
SQL> -- CREATE INDEX                             0
SQL> -- ALTER TABLE                             26
SQL> -- CREATE VIEW                              0
SQL> -- ALTER VIEW                               0
SQL> -- CREATE PACKAGE                           0
SQL> -- CREATE PACKAGE BODY                      0
SQL> -- CREATE PROCEDURE                         0
SQL> -- CREATE FUNCTION                          0
SQL> -- CREATE TRIGGER                           0
SQL> -- ALTER TRIGGER                            0
SQL> -- CREATE COLLECTION TYPE                   0
SQL> -- CREATE STRUCTURED TYPE                   0
SQL> -- CREATE STRUCTURED TYPE BODY              0
SQL> -- CREATE CLUSTER                           0
SQL> -- CREATE CONTEXT                           0
SQL> -- CREATE DATABASE                          0
SQL> -- CREATE DIMENSION                         0
SQL> -- CREATE DIRECTORY                         0
SQL> -- CREATE DISK GROUP                        0
SQL> -- CREATE ROLE                              0
SQL> -- CREATE ROLLBACK SEGMENT                  0
SQL> -- CREATE SEQUENCE                          0
SQL> -- CREATE MATERIALIZED VIEW                 0
SQL> -- CREATE MATERIALIZED VIEW LOG             0
SQL> -- CREATE SYNONYM                           0
SQL> -- CREATE TABLESPACE                        0
SQL> -- CREATE USER                              0
SQL> -- 
SQL> -- DROP TABLESPACE                          0
SQL> -- DROP DATABASE                            0
SQL> -- 
SQL> -- REDACTION POLICY                         0
SQL> -- TSDP POLICY                              0
SQL> -- 
SQL> -- ORDS DROP SCHEMA                         0
SQL> -- ORDS ENABLE SCHEMA                       0
SQL> -- ORDS ENABLE OBJECT                       0
SQL> -- 
SQL> -- ERRORS                                   0
SQL> -- WARNINGS                                 0
SQL> 
SQL> SPOOL OFF
